Microchip MPLAB XC8 Compiler V2.40

Linker command line:

-W-3 \
  --edf=C:\Program Files\Microchip\xc8\v2.40\pic\dat\20220703182018_en.msgs \
  -cn -h+dist/default/production\Lab2.X.production.sym \
  --cmf=dist/default/production\Lab2.X.production.cmf -z -Q16F887 \
  -oC:\Users\kirby\AppData\Local\Temp\xcAsp88.4 --defsym=__MPLAB_BUILD=1 \
  --fixupoverflow=error -Mdist/default/production/Lab2.X.production.map \
  --md=C:\Users\kirby\AppData\Local\Temp\xcAsp88.dat -E1 -ver=XC8 Compiler \
  --acfsm=1493 -ACODE=00h-07FFhx4 -ASTRCODE=00h-01FFFh -ASTRING=00h-0FFhx32 \
  -ACONST=00h-0FFhx32 -AENTRY=00h-0FFhx32 -ACOMMON=070h-07Fh \
  -ABANK0=020h-06Fh -ABANK1=0A0h-0EFh -ABANK2=0110h-016Fh \
  -ABANK3=0190h-01EFh -ARAM=020h-06Fh,0A0h-0EFh,0110h-016Fh,0190h-01EFh \
  -AABS1=020h-07Fh,0A0h-0EFh,0110h-016Fh,0190h-01EFh -ASFR0=00h-01Fh \
  -ASFR1=080h-09Fh -ASFR2=0100h-010Fh -ASFR3=0180h-018Fh \
  -ACONFIG=02007h-02008h -DCONFIG=2 -AIDLOC=02000h-02003h -DIDLOC=2 \
  -AEEDATA=00h-0FFh/02100h -peeprom_data=EEDATA -DEEDATA=2 -DCODE=2 \
  -DSTRCODE=2 -DSTRING=2 -DCONST=2 -DENTRY=2 \
  -preset_vec=00h,intentry=04h,init,end_init -ppowerup=CODE -pcinit=CODE \
  -pfunctab=ENTRY -k C:\Users\kirby\AppData\Local\Temp\xcAsp88.o \
  dist/default/production\Lab2.X.production.o 

Object code version is 3.11

Machine type is 16F887



                Name                               Link     Load   Length Selector   Space Scale
C:\Users\kirby\AppData\Local\Temp\xcAsp88.o
                end_init                              C        C        3        8       0
                reset_vec                             0        0        3        0       0
                config                             2007     2007        2        0       4
                idloc                              2000     2000        4        0       5
dist/default/production\Lab2.X.production.o
                cinit                                 F        F        4        8       0
                intentry                              4        4        8        8       0
                config                             2007     2007        2        0       4
                idloc                              2000     2000        4        0       5
                text37                             1A4C     1A4C        7     3498       0
                text36                             1AB5     1AB5       22     356A       0
                text35                             1A9B     1A9B       1A     3536       0
                text34                             1A5C     1A5C        D     34B8       0
                text33                             1DB6     1DB6       5D     3B6C       0
                text32                             1B97     1B97       46     372E       0
                text31                             1B28     1B28       35     3650       0
                text30                             1BDD     1BDD       46     37BA       0
                text29                              80B      80B       95     1016       0
                text28                             1AFE     1AFE       2A     35FC       0
                text27                             11CA     11CA      1D3     2394       0
                text26                             1AD7     1AD7       27     35AE       0
                text25                              958      958      345     12B0       0
                text24                              720      720       BA        8       0
                text23                             1A53     1A53        9     34A6       0
                text22                             1A69     1A69        E     34D2       0
                text21                             1A77     1A77       12     34EE       0
                text20                             10B2     10B2       61     2164       0
                text19                             1C69     1C69       50     38D2       0
                text18                             1F5C     1F5C       A4     3EB8       0
                text17                              800      800        B     1000       0
                text16                             15A8     15A8      258     2B50       0
                text15                             1CB9     1CB9       50     3972       0
                text14                             1EE4     1EE4       78     3DC8       0
                text13                             1E13     1E13       68     3C26       0
                text12                             1D09     1D09       54     3A12       0
                text11                              7DA      7DA       25        8       0
                text10                              8A0      8A0       B8     1140       0
                text9                              1113     1113       B7     2226       0
                text8                              1C23     1C23       46     3846       0
                text7                              1B5D     1B5D       3A     36BA       0
                text6                              139D     139D      20B     273A       0
                text5                              1A89     1A89       12     3512       0
                text4                              1E7B     1E7B       69     3CF6       0
                text3                              1D5D     1D5D       59     3ABA       0
                text2                               C9D      C9D      363     193A       0
                text1                                13       13      649        8       0
                maintext                            65C      65C       C4        8       0
                cstackBANK0                          20       20       4F       20       1
                cstackCOMMON                         70       70        C       70       1
                cstackBANK1                          A0       A0       28       A0       1
                cstackBANK3                         190      190       37      190       1
                strings                            1000     1000       B0     2000       0

TOTAL           Name                               Link     Load   Length     Space
        CLASS   CODE           
                end_init                              C        C        3         0
                cinit                                 F        F        4         0
                intentry                              4        4        8         0
                reset_vec                             0        0        3         0
                text37                             1A4C     1A4C        7         0
                text36                             1AB5     1AB5       22         0
                text35                             1A9B     1A9B       1A         0
                text34                             1A5C     1A5C        D         0
                text33                             1DB6     1DB6       5D         0
                text32                             1B97     1B97       46         0
                text31                             1B28     1B28       35         0
                text30                             1BDD     1BDD       46         0
                text29                              80B      80B       95         0
                text28                             1AFE     1AFE       2A         0
                text27                             11CA     11CA      1D3         0
                text26                             1AD7     1AD7       27         0
                text25                              958      958      345         0
                text24                              720      720       BA         0
                text23                             1A53     1A53        9         0
                text22                             1A69     1A69        E         0
                text21                             1A77     1A77       12         0
                text20                             10B2     10B2       61         0
                text19                             1C69     1C69       50         0
                text18                             1F5C     1F5C       A4         0
                text17                              800      800        B         0
                text16                             15A8     15A8      258         0
                text15                             1CB9     1CB9       50         0
                text14                             1EE4     1EE4       78         0
                text13                             1E13     1E13       68         0
                text12                             1D09     1D09       54         0
                text11                              7DA      7DA       25         0
                text10                              8A0      8A0       B8         0
                text9                              1113     1113       B7         0
                text8                              1C23     1C23       46         0
                text7                              1B5D     1B5D       3A         0
                text6                              139D     139D      20B         0
                text5                              1A89     1A89       12         0
                text4                              1E7B     1E7B       69         0
                text3                              1D5D     1D5D       59         0
                text2                               C9D      C9D      363         0
                text1                                13       13      649         0
                maintext                            65C      65C       C4         0

        CLASS   STRCODE        

        CLASS   STRING         
                strings                            1000     1000       B0         0

        CLASS   CONST          

        CLASS   ENTRY          

        CLASS   COMMON         
                cstackCOMMON                         70       70        C         1

        CLASS   BANK0          
                cstackBANK0                          20       20       4F         1

        CLASS   BANK1          
                cstackBANK1                          A0       A0       28         1

        CLASS   BANK2          

        CLASS   BANK3          
                cstackBANK3                         190      190       37         1

        CLASS   RAM            

        CLASS   ABS1           
                abs_s1                               7E       7E        2         1

        CLASS   SFR0           

        CLASS   SFR1           

        CLASS   SFR2           

        CLASS   SFR3           

        CLASS   CONFIG         
                config                             2007     2007        2         4

        CLASS   IDLOC          
                idloc                              2000     2000        4         5

        CLASS   EEDATA         

        CLASS   STACK          



SEGMENTS        Name                           Load    Length   Top    Selector   Space  Class     Delta

                reset_vec                      000000  000003  000003         0       0  CODE        2
                intentry                       000004  0007FB  0007FF         8       0  CODE        2
                cstackBANK0                    000020  00004F  00006F        20       1  BANK0       1
                cstackCOMMON                   000070  00000C  00007C        70       1  COMMON      1
                cstackBANK1                    0000A0  000028  0000C8        A0       1  BANK1       1
                cstackBANK3                    000190  000037  0001C7       190       1  BANK3       1
                text17                         000800  00000B  00080B      1000       0  CODE        2
                text29                         00080B  000095  0008A0      1016       0  CODE        2
                text10                         0008A0  0000B8  000958      1140       0  CODE        2
                text25                         000958  000345  000C9D      12B0       0  CODE        2
                text2                          000C9D  000363  001000      193A       0  CODE        2
                strings                        001000  0000B0  0010B0      2000       0  STRING      2
                text20                         0010B2  000061  001113      2164       0  CODE        2
                text9                          001113  0000B7  0011CA      2226       0  CODE        2
                text27                         0011CA  0001D3  00139D      2394       0  CODE        2
                text6                          00139D  00020B  0015A8      273A       0  CODE        2
                text16                         0015A8  000258  001800      2B50       0  CODE        2
                text37                         001A4C  000007  001A53      3498       0  CODE        2
                text23                         001A53  000009  001A5C      34A6       0  CODE        2
                text34                         001A5C  00000D  001A69      34B8       0  CODE        2
                text22                         001A69  00000E  001A77      34D2       0  CODE        2
                text21                         001A77  000012  001A89      34EE       0  CODE        2
                text5                          001A89  000012  001A9B      3512       0  CODE        2
                text35                         001A9B  00001A  001AB5      3536       0  CODE        2
                text36                         001AB5  000022  001AD7      356A       0  CODE        2
                text26                         001AD7  000027  001AFE      35AE       0  CODE        2
                text28                         001AFE  00002A  001B28      35FC       0  CODE        2
                text31                         001B28  000035  001B5D      3650       0  CODE        2
                text7                          001B5D  00003A  001B97      36BA       0  CODE        2
                text32                         001B97  000046  001BDD      372E       0  CODE        2
                text30                         001BDD  000046  001C23      37BA       0  CODE        2
                text8                          001C23  000046  001C69      3846       0  CODE        2
                text19                         001C69  000050  001CB9      38D2       0  CODE        2
                text15                         001CB9  000050  001D09      3972       0  CODE        2
                text12                         001D09  000054  001D5D      3A12       0  CODE        2
                text3                          001D5D  000059  001DB6      3ABA       0  CODE        2
                text33                         001DB6  00005D  001E13      3B6C       0  CODE        2
                text13                         001E13  000068  001E7B      3C26       0  CODE        2
                text4                          001E7B  000069  001EE4      3CF6       0  CODE        2
                text14                         001EE4  000078  001F5C      3DC8       0  CODE        2
                text18                         001F5C  0000A4  002000      3EB8       0  CODE        2


UNUSED ADDRESS RANGES

        Name                Unused          Largest block    Delta
        BANK0            006F-006F              1           1
        BANK1            00C8-00EF             28           1
        BANK2            0110-016F             60           1
        BANK3            01C7-01EF             29           1
        CODE             0003-0003              1           2
                         07FF-07FF              1
                         10B0-10B1              2
                         1800-1A4B            24C
        COMMON           007C-007D              2           1
        CONST            0003-0003              1           2
                         07FF-07FF              1
                         10B0-10B1              2
                         1800-1A4B            100
        EEDATA           2100-21FF            100           2
        ENTRY            0003-0003              1           2
                         07FF-07FF              1
                         10B0-10B1              2
                         1800-1A4B            100
        RAM              006F-006F              1           1
                         00C8-00EF             28
                         0110-016F             60
                         01C7-01EF             29
        SFR0             0000-001F             20           1
        SFR1             0080-009F             20           1
        SFR2             0100-010F             10           1
        SFR3             0180-018F             10           1
        STRCODE          0003-0003              1           2
                         07FF-07FF              1
                         10B0-10B1              2
                         1800-1A4B            24C
        STRING           0003-0003              1           2
                         07FF-07FF              1
                         10B0-10B1              2
                         1800-1A4B            100

                                  Symbol Table

?__Umul8_16               cstackCOMMON 0072
?___awdiv                 cstackBANK0  0020
?___awmod                 cstackCOMMON 0072
?___fladd                 cstackBANK0  0056
?___fldiv                 cstackBANK0  0042
?___flmul                 cstackBANK0  0028
?___flneg                 cstackCOMMON 0072
?___flsub                 cstackBANK1  00A0
?___fltol                 cstackBANK0  0055
?___lldiv                 cstackCOMMON 0072
?___llmod                 cstackCOMMON 0072
?___lwdiv                 cstackCOMMON 0078
?___lwmod                 cstackCOMMON 0072
?___wmul                  cstackCOMMON 0072
?___xxtofl                cstackCOMMON 0072
?__div_to_l_              cstackCOMMON 0072
?__tdiv_to_l_             cstackCOMMON 0072
?_adc_volt                cstackBANK0  005C
?_fround                  cstackBANK0  0042
?_scale                   cstackBANK0  0042
?_sprintf                 cstackBANK0  006A
Lcd_Cmd@a                 cstackCOMMON 0075
Lcd_Port@a                cstackCOMMON 0072
Lcd_Set_Cursor@a          cstackCOMMON 0078
Lcd_Set_Cursor@b          cstackCOMMON 0076
Lcd_Set_Cursor@temp       cstackCOMMON 007B
Lcd_Set_Cursor@y          cstackCOMMON 007A
Lcd_Set_Cursor@z          cstackCOMMON 0079
Lcd_Write_Char@a          cstackCOMMON 0076
Lcd_Write_Char@temp       cstackCOMMON 0074
Lcd_Write_Char@y          cstackCOMMON 0075
Lcd_Write_String@a        cstackCOMMON 0077
Lcd_Write_String@i        cstackBANK0  0020
_ADCON0bits               (abs)        001F
_ADCON1bits               (abs)        009F
_ADRESH                   (abs)        001E
_ANSEL                    (abs)        0188
_ANSELH                   (abs)        0189
_ANSELHbits               (abs)        0189
_ANSELbits                (abs)        0188
_INTCONbits               (abs)        000B
_Isr                      text37       1A4C
_Lcd_Clear                text34       1A5C
_Lcd_Cmd                  text35       1A9B
_Lcd_Init                 text33       1DB6
_Lcd_Port                 text36       1AB5
_Lcd_Set_Cursor           text32       1B97
_Lcd_Write_Char           text31       1B28
_Lcd_Write_String         text30       1BDD
_PIE1bits                 (abs)        008C
_PIR1bits                 (abs)        000C
_PORTA                    (abs)        0005
_PORTC                    (abs)        0007
_PORTDbits                (abs)        0008
_RD3                      (abs)        0043
_RD4                      (abs)        0044
_RD5                      (abs)        0045
_RD6                      (abs)        0046
_RD7                      (abs)        0047
_TRISAbits                (abs)        0085
_TRISBbits                (abs)        0086
_TRISC                    (abs)        0087
_TRISD                    (abs)        0088
_TRISEbits                (abs)        0089
__Habs1                   abs1         0000
__Hbank0                  bank0        0000
__Hbank1                  bank1        0000
__Hbank2                  bank2        0000
__Hbank3                  bank3        0000
__Hcinit                  cinit        0013
__Hclrtext                clrtext      0000
__Hcode                   code         0000
__Hcommon                 common       0000
__Hconfig                 config       2009
__HcstackBANK0            cstackBANK0  0000
__HcstackBANK1            cstackBANK1  0000
__HcstackBANK3            cstackBANK3  0000
__HcstackCOMMON           cstackCOMMON 0000
__Heeprom_data            eeprom_data  0000
__Hend_init               end_init     000F
__Hfunctab                functab      0000
__Hidloc                  idloc        2004
__Hinit                   init         000C
__Hintentry               intentry     000C
__Hmaintext               maintext     0000
__Hpowerup                powerup      0000
__Hram                    ram          0000
__Hreset_vec              reset_vec    0003
__Hsfr0                   sfr0         0000
__Hsfr1                   sfr1         0000
__Hsfr2                   sfr2         0000
__Hsfr3                   sfr3         0000
__Hspace_0                (abs)        2000
__Hspace_1                (abs)        01C7
__Hspace_2                (abs)        0000
__Hspace_3                (abs)        0000
__Hspace_4                (abs)        4010
__Hstack                  stack        0000
__Hstrings                strings      0000
__Htext                   text         0000
__Labs1                   abs1         0000
__Lbank0                  bank0        0000
__Lbank1                  bank1        0000
__Lbank2                  bank2        0000
__Lbank3                  bank3        0000
__Lcinit                  cinit        000F
__Lclrtext                clrtext      0000
__Lcode                   code         0000
__Lcommon                 common       0000
__Lconfig                 config       0000
__LcstackBANK0            cstackBANK0  0000
__LcstackBANK1            cstackBANK1  0000
__LcstackBANK3            cstackBANK3  0000
__LcstackCOMMON           cstackCOMMON 0000
__Leeprom_data            eeprom_data  0000
__Lend_init               end_init     000C
__Lfunctab                functab      0000
__Lidloc                  idloc        0000
__Linit                   init         000C
__Lintentry               intentry     0004
__Lmaintext               maintext     0000
__Lpowerup                powerup      0000
__Lram                    ram          0000
__Lreset_vec              reset_vec    0000
__Lsfr0                   sfr0         0000
__Lsfr1                   sfr1         0000
__Lsfr2                   sfr2         0000
__Lsfr3                   sfr3         0000
__Lspace_0                (abs)        0000
__Lspace_1                (abs)        0000
__Lspace_2                (abs)        0000
__Lspace_3                (abs)        0000
__Lspace_4                (abs)        0000
__Lstack                  stack        0000
__Lstrings                strings      0000
__Ltext                   text         0000
__S0                      (abs)        2000
__S1                      (abs)        01C7
__S3                      (abs)        0000
__Umul8_16                text26       1AD7
__Umul8_16@multiplicand   cstackCOMMON 0072
__Umul8_16@multiplier     cstackCOMMON 007A
__Umul8_16@product        cstackCOMMON 0076
__Umul8_16@word_mpld      cstackCOMMON 0078
___awdiv                  text4        1E7B
___awdiv@counter          cstackBANK0  0024
___awdiv@dividend         cstackBANK0  0022
___awdiv@divisor          cstackBANK0  0020
___awdiv@quotient         cstackBANK0  0026
___awdiv@sign             cstackBANK0  0025
___awmod                  text3        1D5D
___awmod@counter          cstackCOMMON 0077
___awmod@dividend         cstackCOMMON 0074
___awmod@divisor          cstackCOMMON 0072
___awmod@sign             cstackCOMMON 0078
___fladd                  text16       15A8
___fladd@a                cstackBANK0  005A
___fladd@aexp             cstackBANK0  0067
___fladd@b                cstackBANK0  0056
___fladd@bexp             cstackBANK0  0068
___fladd@grs              cstackBANK0  0069
___fladd@signs            cstackBANK0  0066
___fldiv                  text27       11CA
___fldiv@a                cstackBANK0  0042
___fldiv@aexp             cstackBANK0  005B
___fldiv@b                cstackBANK0  0046
___fldiv@bexp             cstackBANK0  005A
___fldiv@grs              cstackBANK0  0056
___fldiv@new_exp          cstackBANK0  0054
___fldiv@rem              cstackBANK0  004F
___fldiv@sign             cstackBANK0  0053
___fleq                   text19       1C69
___fleq@ff1               cstackCOMMON 0072
___fleq@ff2               cstackCOMMON 0076
___flge                   text18       1F5C
___flge@ff1               cstackCOMMON 0072
___flge@ff2               cstackCOMMON 0076
___flmul                  text25       0958
___flmul@a                cstackBANK0  002C
___flmul@aexp             cstackBANK0  003A
___flmul@b                cstackBANK0  0028
___flmul@bexp             cstackBANK0  003B
___flmul@grs              cstackBANK0  0036
___flmul@prod             cstackBANK0  003C
___flmul@sign             cstackBANK0  0035
___flmul@temp             cstackBANK0  0040
___flneg                  text17       0800
___flneg@f1               cstackCOMMON 0072
___flsub                  text15       1CB9
___flsub@a                cstackBANK1  00A0
___flsub@b                cstackBANK1  00A4
___fltol                  text14       1EE4
___fltol@exp1             cstackBANK0  005E
___fltol@f1               cstackBANK0  0055
___fltol@sign1            cstackBANK0  005D
___int_sp                 stack        0000
___latbits                (abs)        0002
___lldiv                  text13       1E13
___lldiv@counter          cstackBANK0  0024
___lldiv@dividend         cstackCOMMON 0076
___lldiv@divisor          cstackCOMMON 0072
___lldiv@quotient         cstackBANK0  0020
___llmod                  text12       1D09
___llmod@counter          cstackCOMMON 007B
___llmod@dividend         cstackCOMMON 0076
___llmod@divisor          cstackCOMMON 0072
___lwdiv                  text8        1C23
___lwdiv@counter          cstackBANK0  0023
___lwdiv@dividend         cstackCOMMON 007A
___lwdiv@divisor          cstackCOMMON 0078
___lwdiv@quotient         cstackBANK0  0021
___lwmod                  text7        1B5D
___lwmod@counter          cstackCOMMON 0077
___lwmod@dividend         cstackCOMMON 0074
___lwmod@divisor          cstackCOMMON 0072
___sp                     stack        0000
___stackhi                (abs)        0000
___stacklo                (abs)        0000
___wmul                   text11       07DA
___wmul@multiplicand      cstackCOMMON 0074
___wmul@multiplier        cstackCOMMON 0072
___wmul@product           cstackCOMMON 0076
___xxtofl                 text24       0720
___xxtofl@arg             cstackBANK0  0022
___xxtofl@exp             cstackBANK0  0021
___xxtofl@sign            cstackBANK0  0020
___xxtofl@val             cstackCOMMON 0072
__div_to_l_               text10       08A0
__div_to_l_@cntr          cstackBANK0  0024
__div_to_l_@exp1          cstackBANK0  0025
__div_to_l_@f1            cstackCOMMON 0072
__div_to_l_@f2            cstackCOMMON 0076
__div_to_l_@quot          cstackBANK0  0020
__end_of_Isr              text37       1A53
__end_of_Lcd_Clear        text34       1A69
__end_of_Lcd_Cmd          text35       1AB5
__end_of_Lcd_Init         text33       1E13
__end_of_Lcd_Port         text36       1AD7
__end_of_Lcd_Set_Cursor   text32       1BDD
__end_of_Lcd_Write_Char   text31       1B5D
__end_of_Lcd_Write_String text30       1C23
__end_of__Umul8_16        text26       1AFE
__end_of___awdiv          text4        1EE4
__end_of___awmod          text3        1DB6
__end_of___fladd          text16       1800
__end_of___fldiv          text27       139D
__end_of___fleq           text19       1CB9
__end_of___flge           text18       2000
__end_of___flmul          text25       0C9D
__end_of___flneg          text17       080B
__end_of___flsub          text15       1D09
__end_of___fltol          text14       1F5C
__end_of___lldiv          text13       1E7B
__end_of___llmod          text12       1D5D
__end_of___lwdiv          text8        1C69
__end_of___lwmod          text7        1B97
__end_of___wmul           text11       07FF
__end_of___xxtofl         text24       07DA
__end_of__div_to_l_       text10       0958
__end_of__initialization  cinit        000F
__end_of__npowers_        strings      1078
__end_of__powers_         strings      1044
__end_of__stringtab       strings      1010
__end_of__tdiv_to_l_      text9        11CA
__end_of_adc_RO           text21       1A89
__end_of_adc_channel      text29       08A0
__end_of_adc_output       text23       1A5C
__end_of_adc_read         text22       1A77
__end_of_adc_setup        text28       1B28
__end_of_adc_volt         text20       1113
__end_of_dpowers          strings      10A0
__end_of_fround           text6        15A8
__end_of_isdigit          text5        1A9B
__end_of_main             maintext     0720
__end_of_scale            text2        1000
__end_of_sprintf          text1        065C
__initialization          cinit        000F
__npowers_                strings      1044
__pcstackBANK0            cstackBANK0  0020
__pcstackBANK1            cstackBANK1  00A0
__pcstackBANK3            cstackBANK3  0190
__pcstackCOMMON           cstackCOMMON 0070
__pintentry               intentry     0004
__pmaintext               maintext     065C
__powers_                 strings      1010
__pstrings                strings      1000
__ptext1                  text1        0013
__ptext10                 text10       08A0
__ptext11                 text11       07DA
__ptext12                 text12       1D09
__ptext13                 text13       1E13
__ptext14                 text14       1EE4
__ptext15                 text15       1CB9
__ptext16                 text16       15A8
__ptext17                 text17       0800
__ptext18                 text18       1F5C
__ptext19                 text19       1C69
__ptext2                  text2        0C9D
__ptext20                 text20       10B2
__ptext21                 text21       1A77
__ptext22                 text22       1A69
__ptext23                 text23       1A53
__ptext24                 text24       0720
__ptext25                 text25       0958
__ptext26                 text26       1AD7
__ptext27                 text27       11CA
__ptext28                 text28       1AFE
__ptext29                 text29       080B
__ptext3                  text3        1D5D
__ptext30                 text30       1BDD
__ptext31                 text31       1B28
__ptext32                 text32       1B97
__ptext33                 text33       1DB6
__ptext34                 text34       1A5C
__ptext35                 text35       1A9B
__ptext36                 text36       1AB5
__ptext37                 text37       1A4C
__ptext4                  text4        1E7B
__ptext5                  text5        1A89
__ptext6                  text6        139D
__ptext7                  text7        1B5D
__ptext8                  text8        1C23
__ptext9                  text9        1113
__stringbase              strings      100F
__stringtab               strings      1000
__tdiv_to_l_              text9        1113
__tdiv_to_l_@cntr         cstackBANK0  0027
__tdiv_to_l_@exp1         cstackBANK0  0028
__tdiv_to_l_@f1           cstackCOMMON 0072
__tdiv_to_l_@f2           cstackCOMMON 0076
__tdiv_to_l_@quot         cstackBANK0  0023
_adc_RO                   text21       1A77
_adc_channel              text29       080B
_adc_output               text23       1A53
_adc_read                 text22       1A69
_adc_setup                text28       1AFE
_adc_volt                 text20       10B2
_dpowers                  strings      1078
_fround                   text6        139D
_fround$1151              cstackBANK0  0051
_fround$1152              cstackBANK0  004D
_isdigit                  text5        1A89
_isdigit$963              cstackCOMMON 0072
_main                     maintext     065C
_scale                    text2        0C9D
_scale$1153               cstackBANK0  0050
_sprintf                  text1        0013
_sprintf$1154             cstackBANK1  00AD
adc_RO@channel            cstackCOMMON 0075
adc_channel@channel       cstackCOMMON 0072
adc_read@channel          cstackCOMMON 0073
adc_setup@inter           cstackCOMMON 0073
adc_volt@channel          cstackBANK0  0068
adc_volt@final            cstackBANK0  0062
adc_volt@out              cstackBANK0  0066
btemp                     (abs)        007E
end_of_initialization     cinit        000F
fround@prec               cstackBANK0  0055
interrupt_function        intentry     0004
intlevel0                 functab      0000
intlevel1                 functab      0000
intlevel2                 functab      0000
intlevel3                 functab      0000
intlevel4                 functab      0000
intlevel5                 functab      0000
isdigit@c                 cstackCOMMON 0073
main@ch                   cstackBANK3  01C6
main@display              cstackBANK3  0190
main@out                  cstackBANK3  01C2
reset_vec                 reset_vec    0000
saved_w                   (abs)        007E
scale@scl                 cstackBANK0  0054
sprintf@ap                cstackBANK1  00B1
sprintf@c                 cstackBANK1  00C5
sprintf@eexp              cstackBANK1  00B8
sprintf@f                 cstackBANK0  006A
sprintf@flag              cstackBANK1  00B2
sprintf@fval              cstackBANK1  00C1
sprintf@prec              cstackBANK1  00BF
sprintf@sp                cstackBANK1  00BE
sprintf@tmpval            cstackBANK1  00BA
sprintf@val               cstackBANK1  00B4
start                     init         000C
start_initialization      cinit        000F
wtemp0                    (abs)        007E


MODULE INFORMATION

Module		Function		Class		Link	Load	Size
C:\Program Files\Microchip\xc8\v2.40\pic\sources\c90\common\fltol.c
		___fltol       		CODE           	1EE4	0000	120

C:\Program Files\Microchip\xc8\v2.40\pic\sources\c90\common\fltol.c estimated size: 120

LCD4.c
		_Lcd_Write_String		CODE           	1BDD	0000	70
		_Lcd_Init      		CODE           	1DB6	0000	93
		_Lcd_Write_Char		CODE           	1B28	0000	53
		_Lcd_Cmd       		CODE           	1A9B	0000	26
		_Lcd_Set_Cursor		CODE           	1B97	0000	70
		_Lcd_Clear     		CODE           	1A5C	0000	13
		_Lcd_Port      		CODE           	1AB5	0000	34

LCD4.c estimated size: 359

prelab.c
		_Isr           		CODE           	1A4C	0000	7
		_main          		CODE           	065C	0000	196

prelab.c estimated size: 203

C:\Program Files\Microchip\xc8\v2.40\pic\sources\c90\common\awdiv.c
		___awdiv       		CODE           	1E7B	0000	105

C:\Program Files\Microchip\xc8\v2.40\pic\sources\c90\common\awdiv.c estimated size: 105

C:\Program Files\Microchip\xc8\v2.40\pic\sources\c90\common\sprcmul.c
		___flmul       		CODE           	0958	0000	837

C:\Program Files\Microchip\xc8\v2.40\pic\sources\c90\common\sprcmul.c estimated size: 837

C:\Program Files\Microchip\xc8\v2.40\pic\sources\c90\common\__lldiv.c
		___lldiv       		CODE           	1E13	0000	104

C:\Program Files\Microchip\xc8\v2.40\pic\sources\c90\common\__lldiv.c estimated size: 104

C:\Program Files\Microchip\xc8\v2.40\pic\sources\c90\common\flneg.c
		___flneg       		CODE           	0800	0000	11

C:\Program Files\Microchip\xc8\v2.40\pic\sources\c90\common\flneg.c estimated size: 11

C:\Program Files\Microchip\xc8\v2.40\pic\sources\c90\common\sprcdiv.c
		___fldiv       		CODE           	11CA	0000	467

C:\Program Files\Microchip\xc8\v2.40\pic\sources\c90\common\sprcdiv.c estimated size: 467

C:\Program Files\Microchip\xc8\v2.40\pic\sources\c90\common\fleq.c
		___fleq        		CODE           	1C69	0000	80

C:\Program Files\Microchip\xc8\v2.40\pic\sources\c90\common\fleq.c estimated size: 80

adc.c
		_adc_setup     		CODE           	1AFE	0000	42
		_adc_channel   		CODE           	080B	0000	149
		_adc_volt      		CODE           	10B2	0000	97
		_adc_read      		CODE           	1A69	0000	14
		_adc_output    		CODE           	1A53	0000	9
		_adc_RO        		CODE           	1A77	0000	18

adc.c estimated size: 329

C:\Program Files\Microchip\xc8\v2.40\pic\sources\c90\common\Umul8_16.c
		__Umul8_16     		CODE           	1AD7	0000	39

C:\Program Files\Microchip\xc8\v2.40\pic\sources\c90\common\Umul8_16.c estimated size: 39

C:\Program Files\Microchip\xc8\v2.40\pic\sources\c90\common\doprnt.c
		_scale         		CODE           	0C9D	0000	867
		_sprintf       		CODE           	0013	0000	1609
		_fround        		CODE           	139D	0000	523

C:\Program Files\Microchip\xc8\v2.40\pic\sources\c90\common\doprnt.c estimated size: 2999

C:\Program Files\Microchip\xc8\v2.40\pic\sources\c90\common\ftdivl.c
		__tdiv_to_l_   		CODE           	1113	0000	183

C:\Program Files\Microchip\xc8\v2.40\pic\sources\c90\common\ftdivl.c estimated size: 183

C:\Program Files\Microchip\xc8\v2.40\pic\sources\c90\common\Umul16.c
		___wmul        		CODE           	07DA	0000	37

C:\Program Files\Microchip\xc8\v2.40\pic\sources\c90\common\Umul16.c estimated size: 37

C:\Program Files\Microchip\xc8\v2.40\pic\sources\c90\common\lwmod.c
		___lwmod       		CODE           	1B5D	0000	58

C:\Program Files\Microchip\xc8\v2.40\pic\sources\c90\common\lwmod.c estimated size: 58

shared
		__stringtab    		STRING         	1000	0000	16
		__powers_      		STRING         	1010	0000	52
		_dpowers       		STRING         	1078	0000	40
		__npowers_     		STRING         	1044	0000	52
		__initialization		CODE           	000F	0000	1

shared estimated size: 161

C:\Program Files\Microchip\xc8\v2.40\pic\sources\c90\common\llmod.c
		___llmod       		CODE           	1D09	0000	84

C:\Program Files\Microchip\xc8\v2.40\pic\sources\c90\common\llmod.c estimated size: 84

C:\Program Files\Microchip\xc8\v2.40\pic\sources\c90\common\isdigit.c
		_isdigit       		CODE           	1A89	0000	18

C:\Program Files\Microchip\xc8\v2.40\pic\sources\c90\common\isdigit.c estimated size: 18

C:\Program Files\Microchip\xc8\v2.40\pic\sources\c90\common\sprcadd.c
		___flsub       		CODE           	1CB9	0000	80
		___fladd       		CODE           	15A8	0000	600

C:\Program Files\Microchip\xc8\v2.40\pic\sources\c90\common\sprcadd.c estimated size: 680

C:\Program Files\Microchip\xc8\v2.40\pic\sources\c90\common\awmod.c
		___awmod       		CODE           	1D5D	0000	89

C:\Program Files\Microchip\xc8\v2.40\pic\sources\c90\common\awmod.c estimated size: 89

C:\Program Files\Microchip\xc8\v2.40\pic\sources\c90\common\flge.c
		___flge        		CODE           	1F5C	0000	164

C:\Program Files\Microchip\xc8\v2.40\pic\sources\c90\common\flge.c estimated size: 164

C:\Program Files\Microchip\xc8\v2.40\pic\sources\c90\common\fldivl.c
		__div_to_l_    		CODE           	08A0	0000	184

C:\Program Files\Microchip\xc8\v2.40\pic\sources\c90\common\fldivl.c estimated size: 184

C:\Program Files\Microchip\xc8\v2.40\pic\sources\c90\common\lwdiv.c
		___lwdiv       		CODE           	1C23	0000	70

C:\Program Files\Microchip\xc8\v2.40\pic\sources\c90\common\lwdiv.c estimated size: 70

C:\Program Files\Microchip\xc8\v2.40\pic\sources\c90\common\xxtofl.c
		___xxtofl      		CODE           	0720	0000	186

C:\Program Files\Microchip\xc8\v2.40\pic\sources\c90\common\xxtofl.c estimated size: 186

