Microchip MPLAB XC8 Compiler V2.40

Linker command line:

-W-3 \
  --edf=C:\Program Files\Microchip\xc8\v2.40\pic\dat\20220703182018_en.msgs \
  -cn -h+dist/default/production\Lab.X.production.sym \
  --cmf=dist/default/production\Lab.X.production.cmf -z -Q16F887 \
  -oC:\Users\kirby\AppData\Local\Temp\xcAs39g.4 --defsym=__MPLAB_BUILD=1 \
  --fixupoverflow=error -Mdist/default/production/Lab.X.production.map \
  --md=C:\Users\kirby\AppData\Local\Temp\xcAs39g.dat -E1 -ver=XC8 Compiler \
  --acfsm=1493 -ACODE=00h-07FFhx4 -ASTRCODE=00h-01FFFh -ASTRING=00h-0FFhx32 \
  -ACONST=00h-0FFhx32 -AENTRY=00h-0FFhx32 -ACOMMON=070h-07Fh \
  -ABANK0=020h-06Fh -ABANK1=0A0h-0EFh -ABANK2=0110h-016Fh \
  -ABANK3=0190h-01EFh -ARAM=020h-06Fh,0A0h-0EFh,0110h-016Fh,0190h-01EFh \
  -AABS1=020h-07Fh,0A0h-0EFh,0110h-016Fh,0190h-01EFh -ASFR0=00h-01Fh \
  -ASFR1=080h-09Fh -ASFR2=0100h-010Fh -ASFR3=0180h-018Fh \
  -ACONFIG=02007h-02008h -DCONFIG=2 -AIDLOC=02000h-02003h -DIDLOC=2 \
  -AEEDATA=00h-0FFh/02100h -peeprom_data=EEDATA -DEEDATA=2 -DCODE=2 \
  -DSTRCODE=2 -DSTRING=2 -DCONST=2 -DENTRY=2 \
  -preset_vec=00h,intentry=04h,init,end_init -ppowerup=CODE -pcinit=CODE \
  -pfunctab=ENTRY -k C:\Users\kirby\AppData\Local\Temp\xcAs39g.o \
  dist/default/production\Lab.X.production.o 

Object code version is 3.11

Machine type is 16F887



                Name                               Link     Load   Length Selector   Space Scale
C:\Users\kirby\AppData\Local\Temp\xcAs39g.o
                end_init                              C        C        3        8       0
                reset_vec                             0        0        3        0       0
                config                             2007     2007        2        0       4
                idloc                              2000     2000        4        0       5
dist/default/production\Lab.X.production.o
                cinit                                 F        F        4        8       0
                intentry                              4        4        8        8       0
                config                             2007     2007        2        0       4
                idloc                              2000     2000        4        0       5
                text37                              7F9      7F9        7        8       0
                text36                             19F1     19F1        6     33E2       0
                text35                             1A4A     1A4A       1A     3494       0
                text34                             1A0B     1A0B        D     3416       0
                text33                             1000     1000       58     193A       0
                text32                             1A80     1A80       20     3500       0
                text31                             1A64     1A64       1C     34C8       0
                text30                             1B26     1B26       42     364C       0
                text29                              8C3      8C3       95     1186       0
                text28                              7CF      7CF       2A        8       0
                text27                             11CA     11CA      1D3     2394       0
                text26                             1AC5     1AC5       27     358A       0
                text25                              958      958      345     12B0       0
                text24                             1110     1110       BA     2220       0
                text23                             19F7     19F7        9     33EE       0
                text22                             1A18     1A18        E     3430       0
                text21                             1A26     1A26       12     344C       0
                text20                             1CFB     1CFB       61     39F6       0
                text19                             1BAE     1BAE       50     375C       0
                text18                             1EA5     1EA5       A4     3D4A       0
                text17                             1A00     1A00        B     3400       0
                text16                             15A8     15A8      258     2B50       0
                text15                             1BFE     1BFE       50     37FC       0
                text14                             1E2D     1E2D       78     3C5A       0
                text13                             1D5C     1D5C       68     3AB8       0
                text12                             1C4E     1C4E       54     389C       0
                text11                             1AA0     1AA0       25     3540       0
                text10                             1058     1058       B8     20B0       0
                text9                              1F49     1F49       B7     3E92       0
                text8                              1B68     1B68       46     36D0       0
                text7                              1AEC     1AEC       3A     35D8       0
                text6                              139D     139D      20B     273A       0
                text5                              1A38     1A38       12     3470       0
                text4                              1DC4     1DC4       69     3B88       0
                text3                              1CA2     1CA2       59     3944       0
                text2                               C9D      C9D      363     193A       0
                text1                                13       13      6B2        8       0
                maintext                            6C5      6C5      10A        8       0
                cstackBANK0                          20       20       50       20       1
                cstackCOMMON                         70       70        C       70       1
                cstackBANK1                          A0       A0       31       A0       1
                cstackBANK2                         110      110       32      110       1
                cstackBANK3                         190      190       32      190       1
                strings                             800      800       BF     1000       0

TOTAL           Name                               Link     Load   Length     Space
        CLASS   CODE           
                end_init                              C        C        3         0
                cinit                                 F        F        4         0
                intentry                              4        4        8         0
                reset_vec                             0        0        3         0
                text37                              7F9      7F9        7         0
                text36                             19F1     19F1        6         0
                text35                             1A4A     1A4A       1A         0
                text34                             1A0B     1A0B        D         0
                text33                             1000     1000       58         0
                text32                             1A80     1A80       20         0
                text31                             1A64     1A64       1C         0
                text30                             1B26     1B26       42         0
                text29                              8C3      8C3       95         0
                text28                              7CF      7CF       2A         0
                text27                             11CA     11CA      1D3         0
                text26                             1AC5     1AC5       27         0
                text25                              958      958      345         0
                text24                             1110     1110       BA         0
                text23                             19F7     19F7        9         0
                text22                             1A18     1A18        E         0
                text21                             1A26     1A26       12         0
                text20                             1CFB     1CFB       61         0
                text19                             1BAE     1BAE       50         0
                text18                             1EA5     1EA5       A4         0
                text17                             1A00     1A00        B         0
                text16                             15A8     15A8      258         0
                text15                             1BFE     1BFE       50         0
                text14                             1E2D     1E2D       78         0
                text13                             1D5C     1D5C       68         0
                text12                             1C4E     1C4E       54         0
                text11                             1AA0     1AA0       25         0
                text10                             1058     1058       B8         0
                text9                              1F49     1F49       B7         0
                text8                              1B68     1B68       46         0
                text7                              1AEC     1AEC       3A         0
                text6                              139D     139D      20B         0
                text5                              1A38     1A38       12         0
                text4                              1DC4     1DC4       69         0
                text3                              1CA2     1CA2       59         0
                text2                               C9D      C9D      363         0
                text1                                13       13      6B2         0
                maintext                            6C5      6C5      10A         0

        CLASS   STRCODE        

        CLASS   STRING         
                strings                             800      800       BF         0

        CLASS   CONST          

        CLASS   ENTRY          

        CLASS   COMMON         
                cstackCOMMON                         70       70        C         1

        CLASS   BANK0          
                cstackBANK0                          20       20       50         1

        CLASS   BANK1          
                cstackBANK1                          A0       A0       31         1

        CLASS   BANK2          
                cstackBANK2                         110      110       32         1

        CLASS   BANK3          
                cstackBANK3                         190      190       32         1

        CLASS   RAM            

        CLASS   ABS1           
                abs_s1                               7E       7E        2         1

        CLASS   SFR0           

        CLASS   SFR1           

        CLASS   SFR2           

        CLASS   SFR3           

        CLASS   CONFIG         
                config                             2007     2007        2         4

        CLASS   IDLOC          
                idloc                              2000     2000        4         5

        CLASS   EEDATA         

        CLASS   STACK          



SEGMENTS        Name                           Load    Length   Top    Selector   Space  Class     Delta

                reset_vec                      000000  000003  000003         0       0  CODE        2
                intentry                       000004  0007FC  000800         8       0  CODE        2
                cstackBANK0                    000020  000050  000070        20       1  BANK0       1
                cstackCOMMON                   000070  00000C  00007C        70       1  COMMON      1
                cstackBANK1                    0000A0  000031  0000D1        A0       1  BANK1       1
                cstackBANK2                    000110  000032  000142       110       1  BANK2       1
                cstackBANK3                    000190  000032  0001C2       190       1  BANK3       1
                strings                        000800  0000BF  0008BF      1000       0  STRING      2
                text29                         0008C3  000095  000958      1186       0  CODE        2
                text25                         000958  000345  000C9D      12B0       0  CODE        2
                text2                          000C9D  0003BB  001058      193A       0  CODE        2
                text10                         001058  0000B8  001110      20B0       0  CODE        2
                text24                         001110  0000BA  0011CA      2220       0  CODE        2
                text27                         0011CA  0001D3  00139D      2394       0  CODE        2
                text6                          00139D  00020B  0015A8      273A       0  CODE        2
                text16                         0015A8  000258  001800      2B50       0  CODE        2
                text36                         0019F1  000006  0019F7      33E2       0  CODE        2
                text23                         0019F7  000009  001A00      33EE       0  CODE        2
                text17                         001A00  00000B  001A0B      3400       0  CODE        2
                text34                         001A0B  00000D  001A18      3416       0  CODE        2
                text22                         001A18  00000E  001A26      3430       0  CODE        2
                text21                         001A26  000012  001A38      344C       0  CODE        2
                text5                          001A38  000012  001A4A      3470       0  CODE        2
                text35                         001A4A  00001A  001A64      3494       0  CODE        2
                text31                         001A64  00001C  001A80      34C8       0  CODE        2
                text32                         001A80  000020  001AA0      3500       0  CODE        2
                text11                         001AA0  000025  001AC5      3540       0  CODE        2
                text26                         001AC5  000027  001AEC      358A       0  CODE        2
                text7                          001AEC  00003A  001B26      35D8       0  CODE        2
                text30                         001B26  000042  001B68      364C       0  CODE        2
                text8                          001B68  000046  001BAE      36D0       0  CODE        2
                text19                         001BAE  000050  001BFE      375C       0  CODE        2
                text15                         001BFE  000050  001C4E      37FC       0  CODE        2
                text12                         001C4E  000054  001CA2      389C       0  CODE        2
                text3                          001CA2  000059  001CFB      3944       0  CODE        2
                text20                         001CFB  000061  001D5C      39F6       0  CODE        2
                text13                         001D5C  000068  001DC4      3AB8       0  CODE        2
                text4                          001DC4  000069  001E2D      3B88       0  CODE        2
                text14                         001E2D  000078  001EA5      3C5A       0  CODE        2
                text18                         001EA5  0000A4  001F49      3D4A       0  CODE        2
                text9                          001F49  0000B7  002000      3E92       0  CODE        2


UNUSED ADDRESS RANGES

        Name                Unused          Largest block    Delta
        BANK1            00D1-00EF             1F           1
        BANK2            0142-016F             2E           1
        BANK3            01C2-01EF             2E           1
        CODE             0003-0003              1           2
                         08BF-08C2              4
                         1800-19F0            1F1
        COMMON           007C-007D              2           1
        CONST            0003-0003              1           2
                         08BF-08C2              4
                         1800-19F0            100
        EEDATA           2100-21FF            100           2
        ENTRY            0003-0003              1           2
                         08BF-08C2              4
                         1800-19F0            100
        RAM              00D1-00EF             1F           1
                         0142-016F             2E
                         01C2-01EF             2E
        SFR0             0000-001F             20           1
        SFR1             0080-009F             20           1
        SFR2             0100-010F             10           1
        SFR3             0180-018F             10           1
        STRCODE          0003-0003              1           2
                         08BF-08C2              4
                         1800-19F0            1F1
        STRING           0003-0003              1           2
                         08BF-08C2              4
                         1800-19F0            100

                                  Symbol Table

?__Umul8_16               cstackCOMMON 0072
?___awdiv                 cstackBANK0  0020
?___awmod                 cstackCOMMON 0072
?___fladd                 cstackBANK0  0056
?___fldiv                 cstackBANK0  0042
?___flmul                 cstackBANK0  0028
?___flneg                 cstackCOMMON 0072
?___flsub                 cstackBANK1  00A0
?___fltol                 cstackBANK0  0055
?___lldiv                 cstackCOMMON 0072
?___llmod                 cstackCOMMON 0072
?___lwdiv                 cstackCOMMON 0078
?___lwmod                 cstackCOMMON 0072
?___wmul                  cstackCOMMON 0072
?___xxtofl                cstackCOMMON 0072
?__div_to_l_              cstackCOMMON 0072
?__tdiv_to_l_             cstackCOMMON 0072
?_adc_volt                cstackBANK0  005C
?_fround                  cstackBANK0  0042
?_scale                   cstackBANK0  0042
?_sprintf                 cstackBANK1  00A8
Lcd_Cmd@a                 cstackCOMMON 0075
Lcd_Port@a                cstackCOMMON 0072
Lcd_Set_Cursor@a          cstackCOMMON 0077
Lcd_Set_Cursor@b          cstackCOMMON 0076
Lcd_Set_Cursor@temp       cstackCOMMON 0078
Lcd_Write_Char@a          cstackCOMMON 0074
Lcd_Write_String@a        cstackCOMMON 0075
Lcd_Write_String@i        cstackCOMMON 007A
_ADCON0bits               (abs)        001F
_ADCON1bits               (abs)        009F
_ADRESH                   (abs)        001E
_ANSEL                    (abs)        0188
_ANSELH                   (abs)        0189
_ANSELHbits               (abs)        0189
_ANSELbits                (abs)        0188
_INTCONbits               (abs)        000B
_Isr                      text37       07F9
_Lcd_Clear                text34       1A0B
_Lcd_Cmd                  text35       1A4A
_Lcd_Init                 text33       1000
_Lcd_Port                 text36       19F1
_Lcd_Set_Cursor           text32       1A80
_Lcd_Write_Char           text31       1A64
_Lcd_Write_String         text30       1B26
_PIE1bits                 (abs)        008C
_PIR1bits                 (abs)        000C
_PORTA                    (abs)        0005
_PORTD                    (abs)        0008
_PORTE                    (abs)        0009
_PORTEbits                (abs)        0009
_TRISAbits                (abs)        0085
_TRISBbits                (abs)        0086
_TRISD                    (abs)        0088
_TRISE                    (abs)        0089
_TRISEbits                (abs)        0089
__Habs1                   abs1         0000
__Hbank0                  bank0        0000
__Hbank1                  bank1        0000
__Hbank2                  bank2        0000
__Hbank3                  bank3        0000
__Hcinit                  cinit        0013
__Hclrtext                clrtext      0000
__Hcode                   code         0000
__Hcommon                 common       0000
__Hconfig                 config       2009
__HcstackBANK0            cstackBANK0  0000
__HcstackBANK1            cstackBANK1  0000
__HcstackBANK2            cstackBANK2  0000
__HcstackBANK3            cstackBANK3  0000
__HcstackCOMMON           cstackCOMMON 0000
__Heeprom_data            eeprom_data  0000
__Hend_init               end_init     000F
__Hfunctab                functab      0000
__Hidloc                  idloc        2004
__Hinit                   init         000C
__Hintentry               intentry     000C
__Hmaintext               maintext     0000
__Hpowerup                powerup      0000
__Hram                    ram          0000
__Hreset_vec              reset_vec    0003
__Hsfr0                   sfr0         0000
__Hsfr1                   sfr1         0000
__Hsfr2                   sfr2         0000
__Hsfr3                   sfr3         0000
__Hspace_0                (abs)        2000
__Hspace_1                (abs)        01C2
__Hspace_2                (abs)        0000
__Hspace_3                (abs)        0000
__Hspace_4                (abs)        4010
__Hstack                  stack        0000
__Hstrings                strings      0000
__Htext                   text         0000
__Labs1                   abs1         0000
__Lbank0                  bank0        0000
__Lbank1                  bank1        0000
__Lbank2                  bank2        0000
__Lbank3                  bank3        0000
__Lcinit                  cinit        000F
__Lclrtext                clrtext      0000
__Lcode                   code         0000
__Lcommon                 common       0000
__Lconfig                 config       0000
__LcstackBANK0            cstackBANK0  0000
__LcstackBANK1            cstackBANK1  0000
__LcstackBANK2            cstackBANK2  0000
__LcstackBANK3            cstackBANK3  0000
__LcstackCOMMON           cstackCOMMON 0000
__Leeprom_data            eeprom_data  0000
__Lend_init               end_init     000C
__Lfunctab                functab      0000
__Lidloc                  idloc        0000
__Linit                   init         000C
__Lintentry               intentry     0004
__Lmaintext               maintext     0000
__Lpowerup                powerup      0000
__Lram                    ram          0000
__Lreset_vec              reset_vec    0000
__Lsfr0                   sfr0         0000
__Lsfr1                   sfr1         0000
__Lsfr2                   sfr2         0000
__Lsfr3                   sfr3         0000
__Lspace_0                (abs)        0000
__Lspace_1                (abs)        0000
__Lspace_2                (abs)        0000
__Lspace_3                (abs)        0000
__Lspace_4                (abs)        0000
__Lstack                  stack        0000
__Lstrings                strings      0000
__Ltext                   text         0000
__S0                      (abs)        2000
__S1                      (abs)        01C2
__S3                      (abs)        0000
__Umul8_16                text26       1AC5
__Umul8_16@multiplicand   cstackCOMMON 0072
__Umul8_16@multiplier     cstackCOMMON 007A
__Umul8_16@product        cstackCOMMON 0076
__Umul8_16@word_mpld      cstackCOMMON 0078
___awdiv                  text4        1DC4
___awdiv@counter          cstackBANK0  0024
___awdiv@dividend         cstackBANK0  0022
___awdiv@divisor          cstackBANK0  0020
___awdiv@quotient         cstackBANK0  0026
___awdiv@sign             cstackBANK0  0025
___awmod                  text3        1CA2
___awmod@counter          cstackCOMMON 0077
___awmod@dividend         cstackCOMMON 0074
___awmod@divisor          cstackCOMMON 0072
___awmod@sign             cstackCOMMON 0078
___fladd                  text16       15A8
___fladd@a                cstackBANK0  005A
___fladd@aexp             cstackBANK0  0067
___fladd@b                cstackBANK0  0056
___fladd@bexp             cstackBANK0  0068
___fladd@grs              cstackBANK0  0069
___fladd@signs            cstackBANK0  0066
___fldiv                  text27       11CA
___fldiv@a                cstackBANK0  0042
___fldiv@aexp             cstackBANK0  005B
___fldiv@b                cstackBANK0  0046
___fldiv@bexp             cstackBANK0  005A
___fldiv@grs              cstackBANK0  0056
___fldiv@new_exp          cstackBANK0  0054
___fldiv@rem              cstackBANK0  004F
___fldiv@sign             cstackBANK0  0053
___fleq                   text19       1BAE
___fleq@ff1               cstackCOMMON 0072
___fleq@ff2               cstackCOMMON 0076
___flge                   text18       1EA5
___flge@ff1               cstackCOMMON 0072
___flge@ff2               cstackCOMMON 0076
___flmul                  text25       0958
___flmul@a                cstackBANK0  002C
___flmul@aexp             cstackBANK0  003A
___flmul@b                cstackBANK0  0028
___flmul@bexp             cstackBANK0  003B
___flmul@grs              cstackBANK0  0036
___flmul@prod             cstackBANK0  003C
___flmul@sign             cstackBANK0  0035
___flmul@temp             cstackBANK0  0040
___flneg                  text17       1A00
___flneg@f1               cstackCOMMON 0072
___flsub                  text15       1BFE
___flsub@a                cstackBANK1  00A0
___flsub@b                cstackBANK1  00A4
___fltol                  text14       1E2D
___fltol@exp1             cstackBANK0  005E
___fltol@f1               cstackBANK0  0055
___fltol@sign1            cstackBANK0  005D
___int_sp                 stack        0000
___latbits                (abs)        0002
___lldiv                  text13       1D5C
___lldiv@counter          cstackBANK0  0024
___lldiv@dividend         cstackCOMMON 0076
___lldiv@divisor          cstackCOMMON 0072
___lldiv@quotient         cstackBANK0  0020
___llmod                  text12       1C4E
___llmod@counter          cstackCOMMON 007B
___llmod@dividend         cstackCOMMON 0076
___llmod@divisor          cstackCOMMON 0072
___lwdiv                  text8        1B68
___lwdiv@counter          cstackBANK0  0023
___lwdiv@dividend         cstackCOMMON 007A
___lwdiv@divisor          cstackCOMMON 0078
___lwdiv@quotient         cstackBANK0  0021
___lwmod                  text7        1AEC
___lwmod@counter          cstackCOMMON 0077
___lwmod@dividend         cstackCOMMON 0074
___lwmod@divisor          cstackCOMMON 0072
___sp                     stack        0000
___stackhi                (abs)        0000
___stacklo                (abs)        0000
___wmul                   text11       1AA0
___wmul@multiplicand      cstackCOMMON 0074
___wmul@multiplier        cstackCOMMON 0072
___wmul@product           cstackCOMMON 0076
___xxtofl                 text24       1110
___xxtofl@arg             cstackBANK0  0022
___xxtofl@exp             cstackBANK0  0021
___xxtofl@sign            cstackBANK0  0020
___xxtofl@val             cstackCOMMON 0072
__div_to_l_               text10       1058
__div_to_l_@cntr          cstackBANK0  0024
__div_to_l_@exp1          cstackBANK0  0025
__div_to_l_@f1            cstackCOMMON 0072
__div_to_l_@f2            cstackCOMMON 0076
__div_to_l_@quot          cstackBANK0  0020
__end_of_Isr              text37       0800
__end_of_Lcd_Clear        text34       1A18
__end_of_Lcd_Cmd          text35       1A64
__end_of_Lcd_Init         text33       1058
__end_of_Lcd_Port         text36       19F7
__end_of_Lcd_Set_Cursor   text32       1AA0
__end_of_Lcd_Write_Char   text31       1A80
__end_of_Lcd_Write_String text30       1B68
__end_of__Umul8_16        text26       1AEC
__end_of___awdiv          text4        1E2D
__end_of___awmod          text3        1CFB
__end_of___fladd          text16       1800
__end_of___fldiv          text27       139D
__end_of___fleq           text19       1BFE
__end_of___flge           text18       1F49
__end_of___flmul          text25       0C9D
__end_of___flneg          text17       1A0B
__end_of___flsub          text15       1C4E
__end_of___fltol          text14       1EA5
__end_of___lldiv          text13       1DC4
__end_of___llmod          text12       1CA2
__end_of___lwdiv          text8        1BAE
__end_of___lwmod          text7        1B26
__end_of___wmul           text11       1AC5
__end_of___xxtofl         text24       11CA
__end_of__div_to_l_       text10       1110
__end_of__initialization  cinit        000F
__end_of__npowers_        strings      0878
__end_of__powers_         strings      0844
__end_of__stringtab       strings      0810
__end_of__tdiv_to_l_      text9        2000
__end_of_adc_RO           text21       1A38
__end_of_adc_channel      text29       0958
__end_of_adc_output       text23       1A00
__end_of_adc_read         text22       1A26
__end_of_adc_setup        text28       07F9
__end_of_adc_volt         text20       1D5C
__end_of_dpowers          strings      08A0
__end_of_fround           text6        15A8
__end_of_isdigit          text5        1A4A
__end_of_main             maintext     07CF
__end_of_scale            text2        1000
__end_of_sprintf          text1        06C5
__initialization          cinit        000F
__npowers_                strings      0844
__pcstackBANK0            cstackBANK0  0020
__pcstackBANK1            cstackBANK1  00A0
__pcstackBANK2            cstackBANK2  0110
__pcstackBANK3            cstackBANK3  0190
__pcstackCOMMON           cstackCOMMON 0070
__pintentry               intentry     0004
__pmaintext               maintext     06C5
__powers_                 strings      0810
__pstrings                strings      0800
__ptext1                  text1        0013
__ptext10                 text10       1058
__ptext11                 text11       1AA0
__ptext12                 text12       1C4E
__ptext13                 text13       1D5C
__ptext14                 text14       1E2D
__ptext15                 text15       1BFE
__ptext16                 text16       15A8
__ptext17                 text17       1A00
__ptext18                 text18       1EA5
__ptext19                 text19       1BAE
__ptext2                  text2        0C9D
__ptext20                 text20       1CFB
__ptext21                 text21       1A26
__ptext22                 text22       1A18
__ptext23                 text23       19F7
__ptext24                 text24       1110
__ptext25                 text25       0958
__ptext26                 text26       1AC5
__ptext27                 text27       11CA
__ptext28                 text28       07CF
__ptext29                 text29       08C3
__ptext3                  text3        1CA2
__ptext30                 text30       1B26
__ptext31                 text31       1A64
__ptext32                 text32       1A80
__ptext33                 text33       1000
__ptext34                 text34       1A0B
__ptext35                 text35       1A4A
__ptext36                 text36       19F1
__ptext37                 text37       07F9
__ptext4                  text4        1DC4
__ptext5                  text5        1A38
__ptext6                  text6        139D
__ptext7                  text7        1AEC
__ptext8                  text8        1B68
__ptext9                  text9        1F49
__stringbase              strings      080F
__stringtab               strings      0800
__tdiv_to_l_              text9        1F49
__tdiv_to_l_@cntr         cstackBANK0  0027
__tdiv_to_l_@exp1         cstackBANK0  0028
__tdiv_to_l_@f1           cstackCOMMON 0072
__tdiv_to_l_@f2           cstackCOMMON 0076
__tdiv_to_l_@quot         cstackBANK0  0023
_adc_RO                   text21       1A26
_adc_channel              text29       08C3
_adc_output               text23       19F7
_adc_read                 text22       1A18
_adc_setup                text28       07CF
_adc_volt                 text20       1CFB
_dpowers                  strings      0878
_fround                   text6        139D
_fround$1133              cstackBANK0  0051
_fround$1134              cstackBANK0  004D
_isdigit                  text5        1A38
_isdigit$935              cstackCOMMON 0072
_main                     maintext     06C5
_scale                    text2        0C9D
_scale$1135               cstackBANK0  0050
_sprintf                  text1        0013
_sprintf$1136             cstackBANK1  00AD
adc_RO@channel            cstackCOMMON 0075
adc_channel@channel       cstackCOMMON 0072
adc_read@channel          cstackCOMMON 0073
adc_setup@inter           cstackCOMMON 0073
adc_volt@channel          cstackBANK0  0068
adc_volt@final            cstackBANK0  0062
adc_volt@out              cstackBANK0  0066
btemp                     (abs)        007E
end_of_initialization     cinit        000F
fround@prec               cstackBANK0  0055
interrupt_function        intentry     0004
intlevel0                 functab      0000
intlevel1                 functab      0000
intlevel2                 functab      0000
intlevel3                 functab      0000
intlevel4                 functab      0000
intlevel5                 functab      0000
isdigit@c                 cstackCOMMON 0073
main@ch0                  cstackBANK1  00D0
main@ch1                  cstackBANK0  006F
main@display0             cstackBANK3  0190
main@display1             cstackBANK2  0110
main@output0              cstackBANK1  00C8
main@output1              cstackBANK1  00CC
reset_vec                 reset_vec    0000
saved_w                   (abs)        007E
scale@scl                 cstackBANK0  0054
sprintf@ap                cstackBANK1  00B1
sprintf@c                 cstackBANK1  00C5
sprintf@eexp              cstackBANK1  00B8
sprintf@f                 cstackBANK1  00A8
sprintf@flag              cstackBANK1  00B2
sprintf@fval              cstackBANK1  00C1
sprintf@prec              cstackBANK1  00BE
sprintf@sp                cstackBANK1  00C0
sprintf@tmpval            cstackBANK1  00BA
sprintf@val               cstackBANK1  00B4
start                     init         000C
start_initialization      cinit        000F
wtemp0                    (abs)        007E


MODULE INFORMATION

Module		Function		Class		Link	Load	Size
C:\Program Files\Microchip\xc8\v2.40\pic\sources\c90\common\fltol.c
		___fltol       		CODE           	1E2D	0000	120

C:\Program Files\Microchip\xc8\v2.40\pic\sources\c90\common\fltol.c estimated size: 120

LCD8.c
		_Lcd_Write_String		CODE           	1B26	0000	66
		_Lcd_Init      		CODE           	1000	0000	88
		_Lcd_Write_Char		CODE           	1A64	0000	28
		_Lcd_Cmd       		CODE           	1A4A	0000	26
		_Lcd_Set_Cursor		CODE           	1A80	0000	32
		_Lcd_Clear     		CODE           	1A0B	0000	13
		_Lcd_Port      		CODE           	19F1	0000	6

LCD8.c estimated size: 259

lab2.c
		_Isr           		CODE           	07F9	0000	7
		_main          		CODE           	06C5	0000	266

lab2.c estimated size: 273

C:\Program Files\Microchip\xc8\v2.40\pic\sources\c90\common\awdiv.c
		___awdiv       		CODE           	1DC4	0000	105

C:\Program Files\Microchip\xc8\v2.40\pic\sources\c90\common\awdiv.c estimated size: 105

C:\Program Files\Microchip\xc8\v2.40\pic\sources\c90\common\sprcmul.c
		___flmul       		CODE           	0958	0000	837

C:\Program Files\Microchip\xc8\v2.40\pic\sources\c90\common\sprcmul.c estimated size: 837

C:\Program Files\Microchip\xc8\v2.40\pic\sources\c90\common\__lldiv.c
		___lldiv       		CODE           	1D5C	0000	104

C:\Program Files\Microchip\xc8\v2.40\pic\sources\c90\common\__lldiv.c estimated size: 104

C:\Program Files\Microchip\xc8\v2.40\pic\sources\c90\common\flneg.c
		___flneg       		CODE           	1A00	0000	11

C:\Program Files\Microchip\xc8\v2.40\pic\sources\c90\common\flneg.c estimated size: 11

C:\Program Files\Microchip\xc8\v2.40\pic\sources\c90\common\sprcdiv.c
		___fldiv       		CODE           	11CA	0000	467

C:\Program Files\Microchip\xc8\v2.40\pic\sources\c90\common\sprcdiv.c estimated size: 467

C:\Program Files\Microchip\xc8\v2.40\pic\sources\c90\common\fleq.c
		___fleq        		CODE           	1BAE	0000	80

C:\Program Files\Microchip\xc8\v2.40\pic\sources\c90\common\fleq.c estimated size: 80

adc.c
		_adc_setup     		CODE           	07CF	0000	42
		_adc_channel   		CODE           	08C3	0000	149
		_adc_volt      		CODE           	1CFB	0000	97
		_adc_read      		CODE           	1A18	0000	14
		_adc_output    		CODE           	19F7	0000	9
		_adc_RO        		CODE           	1A26	0000	18

adc.c estimated size: 329

C:\Program Files\Microchip\xc8\v2.40\pic\sources\c90\common\Umul8_16.c
		__Umul8_16     		CODE           	1AC5	0000	39

C:\Program Files\Microchip\xc8\v2.40\pic\sources\c90\common\Umul8_16.c estimated size: 39

C:\Program Files\Microchip\xc8\v2.40\pic\sources\c90\common\doprnt.c
		_scale         		CODE           	0C9D	0000	867
		_sprintf       		CODE           	0013	0000	1714
		_fround        		CODE           	139D	0000	523

C:\Program Files\Microchip\xc8\v2.40\pic\sources\c90\common\doprnt.c estimated size: 3104

C:\Program Files\Microchip\xc8\v2.40\pic\sources\c90\common\ftdivl.c
		__tdiv_to_l_   		CODE           	1F49	0000	183

C:\Program Files\Microchip\xc8\v2.40\pic\sources\c90\common\ftdivl.c estimated size: 183

C:\Program Files\Microchip\xc8\v2.40\pic\sources\c90\common\Umul16.c
		___wmul        		CODE           	1AA0	0000	37

C:\Program Files\Microchip\xc8\v2.40\pic\sources\c90\common\Umul16.c estimated size: 37

C:\Program Files\Microchip\xc8\v2.40\pic\sources\c90\common\lwmod.c
		___lwmod       		CODE           	1AEC	0000	58

C:\Program Files\Microchip\xc8\v2.40\pic\sources\c90\common\lwmod.c estimated size: 58

shared
		__stringtab    		STRING         	0800	0000	16
		__powers_      		STRING         	0810	0000	52
		_dpowers       		STRING         	0878	0000	40
		__npowers_     		STRING         	0844	0000	52
		__initialization		CODE           	000F	0000	1

shared estimated size: 161

C:\Program Files\Microchip\xc8\v2.40\pic\sources\c90\common\llmod.c
		___llmod       		CODE           	1C4E	0000	84

C:\Program Files\Microchip\xc8\v2.40\pic\sources\c90\common\llmod.c estimated size: 84

C:\Program Files\Microchip\xc8\v2.40\pic\sources\c90\common\isdigit.c
		_isdigit       		CODE           	1A38	0000	18

C:\Program Files\Microchip\xc8\v2.40\pic\sources\c90\common\isdigit.c estimated size: 18

C:\Program Files\Microchip\xc8\v2.40\pic\sources\c90\common\sprcadd.c
		___flsub       		CODE           	1BFE	0000	80
		___fladd       		CODE           	15A8	0000	600

C:\Program Files\Microchip\xc8\v2.40\pic\sources\c90\common\sprcadd.c estimated size: 680

C:\Program Files\Microchip\xc8\v2.40\pic\sources\c90\common\awmod.c
		___awmod       		CODE           	1CA2	0000	89

C:\Program Files\Microchip\xc8\v2.40\pic\sources\c90\common\awmod.c estimated size: 89

C:\Program Files\Microchip\xc8\v2.40\pic\sources\c90\common\flge.c
		___flge        		CODE           	1EA5	0000	164

C:\Program Files\Microchip\xc8\v2.40\pic\sources\c90\common\flge.c estimated size: 164

C:\Program Files\Microchip\xc8\v2.40\pic\sources\c90\common\fldivl.c
		__div_to_l_    		CODE           	1058	0000	184

C:\Program Files\Microchip\xc8\v2.40\pic\sources\c90\common\fldivl.c estimated size: 184

C:\Program Files\Microchip\xc8\v2.40\pic\sources\c90\common\lwdiv.c
		___lwdiv       		CODE           	1B68	0000	70

C:\Program Files\Microchip\xc8\v2.40\pic\sources\c90\common\lwdiv.c estimated size: 70

C:\Program Files\Microchip\xc8\v2.40\pic\sources\c90\common\xxtofl.c
		___xxtofl      		CODE           	1110	0000	186

C:\Program Files\Microchip\xc8\v2.40\pic\sources\c90\common\xxtofl.c estimated size: 186

