Microchip MPLAB XC8 Compiler V2.40

Linker command line:

-W-3 \
  --edf=C:\Program Files\Microchip\xc8\v2.40\pic\dat\20220703182018_en.msgs \
  -cn -h+dist/default/production\poslab2.X.production.sym \
  --cmf=dist/default/production\poslab2.X.production.cmf -z -Q16F887 \
  -oC:\Users\kirby\AppData\Local\Temp\xcAs8rc.4 --defsym=__MPLAB_BUILD=1 \
  --fixupoverflow=error -Mdist/default/production/poslab2.X.production.map \
  --md=C:\Users\kirby\AppData\Local\Temp\xcAs8rc.dat -E1 -ver=XC8 Compiler \
  --acfsm=1493 -ACODE=00h-07FFhx4 -ASTRCODE=00h-01FFFh -ASTRING=00h-0FFhx32 \
  -ACONST=00h-0FFhx32 -AENTRY=00h-0FFhx32 -ACOMMON=070h-07Fh \
  -ABANK0=020h-06Fh -ABANK1=0A0h-0EFh -ABANK2=0110h-016Fh \
  -ABANK3=0190h-01EFh -ARAM=020h-06Fh,0A0h-0EFh,0110h-016Fh,0190h-01EFh \
  -AABS1=020h-07Fh,0A0h-0EFh,0110h-016Fh,0190h-01EFh -ASFR0=00h-01Fh \
  -ASFR1=080h-09Fh -ASFR2=0100h-010Fh -ASFR3=0180h-018Fh \
  -ACONFIG=02007h-02008h -DCONFIG=2 -AIDLOC=02000h-02003h -DIDLOC=2 \
  -AEEDATA=00h-0FFh/02100h -peeprom_data=EEDATA -DEEDATA=2 -DCODE=2 \
  -DSTRCODE=2 -DSTRING=2 -DCONST=2 -DENTRY=2 \
  -preset_vec=00h,intentry=04h,init,end_init -ppowerup=CODE -pcinit=CODE \
  -pfunctab=ENTRY -k C:\Users\kirby\AppData\Local\Temp\xcAs8rc.o \
  dist/default/production\poslab2.X.production.o 

Object code version is 3.11

Machine type is 16F887



                Name                               Link     Load   Length Selector   Space Scale
C:\Users\kirby\AppData\Local\Temp\xcAs8rc.o
                end_init                              C        C        3        8       0
                reset_vec                             0        0        3        0       0
                config                             2007     2007        2        0       4
                idloc                              2000     2000        4        0       5
dist/default/production\poslab2.X.production.o
                cinit                                 F        F        9        8       0
                intentry                              4        4        8        8       0
                config                             2007     2007        2        0       4
                idloc                              2000     2000        4        0       5
                text29                              CE3      CE3        9     19C6       0
                text28                              E0E      E0E       2C     1C1C       0
                text27                              CDD      CDD        6     19BA       0
                text26                              D3F      D3F       1C     1A7E       0
                text25                              CF5      CF5        D     19EA       0
                text24                              7A0      7A0       5E        8       0
                text23                              D77      D77       22     1AEE       0
                text22                              D5B      D5B       1C     1AB6       0
                text21                              E76      E76       46     1CEC       0
                text20                              D02      D02       13     1A04       0
                text19                              552      552       95        8       0
                text18                              6D0      6D0       69        8       0
                text17                              DBD      DBD       27     1B7A       0
                text16                              CEC      CEC        9     19D8       0
                text15                              D15      D15       14     1A2A       0
                text14                              D29      D29       16     1A52       0
                text13                               18       18      258        8       0
                text12                              D99      D99       24     1B32       0
                text11                              5E7      5E7       78        8       0
                text10                              498      498       BA        8       0
                text9                               F02      F02       50     1E04       0
                text8                               F52      F52       54     1EA4       0
                text7                               FA6      FA6       5A     1F4C       0
                text6                               739      739       67        8       0
                text5                               65F      65F       71        8       0
                text4                               DE4      DE4       2A     1BC8       0
                text3                               EBC      EBC       46     1D78       0
                text2                               E3A      E3A       3C     1C74       0
                text1                               3CC      3CC       CC        8       0
                maintext                            270      270      15C        8       0
                cstackBANK0                          20       20       4B       20       1
                cstackCOMMON                         70       70        7       70       1
                cstackBANK1                          A0       A0       32       A0       1
                cstackBANK2                         110      110       32      110       1
                cstackBANK3                         190      190       32      190       1
                bssBANK0                             6B       6B        1       20       1
                bssCOMMON                            77       77        2       70       1
                strings                             800      800       5B     1000       0

TOTAL           Name                               Link     Load   Length     Space
        CLASS   CODE           
                end_init                              C        C        3         0
                cinit                                 F        F        9         0
                intentry                              4        4        8         0
                reset_vec                             0        0        3         0
                text29                              CE3      CE3        9         0
                text28                              E0E      E0E       2C         0
                text27                              CDD      CDD        6         0
                text26                              D3F      D3F       1C         0
                text25                              CF5      CF5        D         0
                text24                              7A0      7A0       5E         0
                text23                              D77      D77       22         0
                text22                              D5B      D5B       1C         0
                text21                              E76      E76       46         0
                text20                              D02      D02       13         0
                text19                              552      552       95         0
                text18                              6D0      6D0       69         0
                text17                              DBD      DBD       27         0
                text16                              CEC      CEC        9         0
                text15                              D15      D15       14         0
                text14                              D29      D29       16         0
                text13                               18       18      258         0
                text12                              D99      D99       24         0
                text11                              5E7      5E7       78         0
                text10                              498      498       BA         0
                text9                               F02      F02       50         0
                text8                               F52      F52       54         0
                text7                               FA6      FA6       5A         0
                text6                               739      739       67         0
                text5                               65F      65F       71         0
                text4                               DE4      DE4       2A         0
                text3                               EBC      EBC       46         0
                text2                               E3A      E3A       3C         0
                text1                               3CC      3CC       CC         0
                maintext                            270      270      15C         0

        CLASS   STRCODE        

        CLASS   STRING         
                strings                             800      800       5B         0

        CLASS   CONST          

        CLASS   ENTRY          

        CLASS   COMMON         
                cstackCOMMON                         70       70        7         1
                bssCOMMON                            77       77        2         1

        CLASS   BANK0          
                cstackBANK0                          20       20       4B         1
                bssBANK0                             6B       6B        1         1

        CLASS   BANK1          
                cstackBANK1                          A0       A0       32         1

        CLASS   BANK2          
                cstackBANK2                         110      110       32         1

        CLASS   BANK3          
                cstackBANK3                         190      190       32         1

        CLASS   RAM            

        CLASS   ABS1           
                abs_s1                               7E       7E        2         1

        CLASS   SFR0           

        CLASS   SFR1           

        CLASS   SFR2           

        CLASS   SFR3           

        CLASS   CONFIG         
                config                             2007     2007        2         4

        CLASS   IDLOC          
                idloc                              2000     2000        4         5

        CLASS   EEDATA         

        CLASS   STACK          



SEGMENTS        Name                           Load    Length   Top    Selector   Space  Class     Delta

                reset_vec                      000000  000003  000003         0       0  CODE        2
                intentry                       000004  0007FA  0007FE         8       0  CODE        2
                cstackBANK0                    000020  00004C  00006C        20       1  BANK0       1
                cstackCOMMON                   000070  000009  000079        70       1  COMMON      1
                cstackBANK1                    0000A0  000032  0000D2        A0       1  BANK1       1
                cstackBANK2                    000110  000032  000142       110       1  BANK2       1
                cstackBANK3                    000190  000032  0001C2       190       1  BANK3       1
                strings                        000800  00005B  00085B      1000       0  STRING      2
                text27                         000CDD  000006  000CE3      19BA       0  CODE        2
                text29                         000CE3  000009  000CEC      19C6       0  CODE        2
                text16                         000CEC  000009  000CF5      19D8       0  CODE        2
                text25                         000CF5  00000D  000D02      19EA       0  CODE        2
                text20                         000D02  000013  000D15      1A04       0  CODE        2
                text15                         000D15  000014  000D29      1A2A       0  CODE        2
                text14                         000D29  000016  000D3F      1A52       0  CODE        2
                text26                         000D3F  00001C  000D5B      1A7E       0  CODE        2
                text22                         000D5B  00001C  000D77      1AB6       0  CODE        2
                text23                         000D77  000022  000D99      1AEE       0  CODE        2
                text12                         000D99  000024  000DBD      1B32       0  CODE        2
                text17                         000DBD  000027  000DE4      1B7A       0  CODE        2
                text4                          000DE4  00002A  000E0E      1BC8       0  CODE        2
                text28                         000E0E  00002C  000E3A      1C1C       0  CODE        2
                text2                          000E3A  00003C  000E76      1C74       0  CODE        2
                text21                         000E76  000046  000EBC      1CEC       0  CODE        2
                text3                          000EBC  000046  000F02      1D78       0  CODE        2
                text9                          000F02  000050  000F52      1E04       0  CODE        2
                text8                          000F52  000054  000FA6      1EA4       0  CODE        2
                text7                          000FA6  00005A  001000      1F4C       0  CODE        2


UNUSED ADDRESS RANGES

        Name                Unused          Largest block    Delta
        BANK0            006C-006F              4           1
        BANK1            00D2-00EF             1E           1
        BANK2            0142-016F             2E           1
        BANK3            01C2-01EF             2E           1
        CODE             0003-0003              1           2
                         07FE-07FF              2
                         085B-0CDC            482
                         1000-1FFF            800
        COMMON           0079-007D              5           1
        CONST            0003-0003              1           2
                         07FE-07FF              2
                         085B-0CDC            100
                         1000-1FFF            100
        EEDATA           2100-21FF            100           2
        ENTRY            0003-0003              1           2
                         07FE-07FF              2
                         085B-0CDC            100
                         1000-1FFF            100
        RAM              006C-006F              4           1
                         00D2-00EF             1E
                         0142-016F             2E
                         01C2-01EF             2E
        SFR0             0000-001F             20           1
        SFR1             0080-009F             20           1
        SFR2             0100-010F             10           1
        SFR3             0180-018F             10           1
        STRCODE          0003-0003              1           2
                         07FE-07FF              2
                         085B-0CDC            482
                         1000-1FFF           1000
        STRING           0003-0003              1           2
                         07FE-07FF              2
                         085B-0CDC            100
                         1000-1FFF            100

                                  Symbol Table

?___awdiv                 cstackBANK0  0024
?___fladd                 cstackBANK0  0020
?___flsub                 cstackBANK0  0045
?___fltol                 cstackBANK0  0020
?___lwdiv                 cstackBANK0  0020
?___lwmod                 cstackBANK0  0027
?___wmul                  cstackBANK0  0020
?___xxtofl                cstackBANK0  002D
?_adc_mv                  cstackBANK0  0055
?_round                   cstackBANK0  004D
?_sprintf                 cstackBANK0  002C
?_trunc                   cstackBANK0  003B
Isr@uart_return           cstackCOMMON 0074
Lcd_Cmd@a                 cstackCOMMON 0076
Lcd_Port@a                cstackCOMMON 0075
Lcd_Set_Cursor@a          cstackBANK0  0023
Lcd_Set_Cursor@b          cstackBANK0  0022
Lcd_Set_Cursor@temp       cstackBANK0  0024
Lcd_Write_Char@a          cstackBANK0  0020
Lcd_Write_String@a        cstackBANK0  0021
Lcd_Write_String@i        cstackBANK0  0026
UART_RX_config@baudrate   cstackCOMMON 0075
_ADCON0bits               (abs)        001F
_ADCON1bits               (abs)        009F
_ADRESH                   (abs)        001E
_ANSEL                    (abs)        0188
_ANSELH                   (abs)        0189
_ANSELHbits               (abs)        0189
_ANSELbits                (abs)        0188
_BAUDCTLbits              (abs)        0187
_INTCONbits               (abs)        000B
_Isr                      text28       0E0E
_Lcd_Clear                text25       0CF5
_Lcd_Cmd                  text26       0D3F
_Lcd_Init                 text24       07A0
_Lcd_Port                 text27       0CDD
_Lcd_Set_Cursor           text23       0D77
_Lcd_Write_Char           text22       0D5B
_Lcd_Write_String         text21       0E76
_PIE1bits                 (abs)        008C
_PIR1bits                 (abs)        000C
_PORTA                    (abs)        0005
_PORTB                    (abs)        0006
_PORTD                    (abs)        0008
_PORTE                    (abs)        0009
_PORTEbits                (abs)        0009
_RCREG                    (abs)        001A
_RCSTAbits                (abs)        0018
_SPBRG                    (abs)        0099
_SPBRGH                   (abs)        009A
_TRISAbits                (abs)        0085
_TRISB                    (abs)        0086
_TRISBbits                (abs)        0086
_TRISD                    (abs)        0088
_TRISE                    (abs)        0089
_TRISEbits                (abs)        0089
_TXREG                    (abs)        0019
_TXSTAbits                (abs)        0098
_UART_RX_config           text20       0D02
_UART_read_char           text29       0CE3
__Habs1                   abs1         0000
__Hbank0                  bank0        0000
__Hbank1                  bank1        0000
__Hbank2                  bank2        0000
__Hbank3                  bank3        0000
__HbssBANK0               bssBANK0     0000
__HbssCOMMON              bssCOMMON    0000
__Hcinit                  cinit        0018
__Hclrtext                clrtext      0000
__Hcode                   code         0000
__Hcommon                 common       0000
__Hconfig                 config       2009
__HcstackBANK0            cstackBANK0  0000
__HcstackBANK1            cstackBANK1  0000
__HcstackBANK2            cstackBANK2  0000
__HcstackBANK3            cstackBANK3  0000
__HcstackCOMMON           cstackCOMMON 0000
__Heeprom_data            eeprom_data  0000
__Hend_init               end_init     000F
__Hfunctab                functab      0000
__Hidloc                  idloc        2004
__Hinit                   init         000C
__Hintentry               intentry     000C
__Hmaintext               maintext     0000
__Hpowerup                powerup      0000
__Hram                    ram          0000
__Hreset_vec              reset_vec    0003
__Hsfr0                   sfr0         0000
__Hsfr1                   sfr1         0000
__Hsfr2                   sfr2         0000
__Hsfr3                   sfr3         0000
__Hspace_0                (abs)        1000
__Hspace_1                (abs)        01C2
__Hspace_2                (abs)        0000
__Hspace_3                (abs)        0000
__Hspace_4                (abs)        4010
__Hstack                  stack        0000
__Hstrings                strings      0000
__Htext                   text         0000
__Labs1                   abs1         0000
__Lbank0                  bank0        0000
__Lbank1                  bank1        0000
__Lbank2                  bank2        0000
__Lbank3                  bank3        0000
__LbssBANK0               bssBANK0     0000
__LbssCOMMON              bssCOMMON    0000
__Lcinit                  cinit        000F
__Lclrtext                clrtext      0000
__Lcode                   code         0000
__Lcommon                 common       0000
__Lconfig                 config       0000
__LcstackBANK0            cstackBANK0  0000
__LcstackBANK1            cstackBANK1  0000
__LcstackBANK2            cstackBANK2  0000
__LcstackBANK3            cstackBANK3  0000
__LcstackCOMMON           cstackCOMMON 0000
__Leeprom_data            eeprom_data  0000
__Lend_init               end_init     000C
__Lfunctab                functab      0000
__Lidloc                  idloc        0000
__Linit                   init         000C
__Lintentry               intentry     0004
__Lmaintext               maintext     0000
__Lpowerup                powerup      0000
__Lram                    ram          0000
__Lreset_vec              reset_vec    0000
__Lsfr0                   sfr0         0000
__Lsfr1                   sfr1         0000
__Lsfr2                   sfr2         0000
__Lsfr3                   sfr3         0000
__Lspace_0                (abs)        0000
__Lspace_1                (abs)        0000
__Lspace_2                (abs)        0000
__Lspace_3                (abs)        0000
__Lspace_4                (abs)        0000
__Lstack                  stack        0000
__Lstrings                strings      0000
__Ltext                   text         0000
__S0                      (abs)        1000
__S1                      (abs)        01C2
__S3                      (abs)        0000
___awdiv                  text18       06D0
___awdiv@counter          cstackBANK0  0029
___awdiv@dividend         cstackBANK0  0026
___awdiv@divisor          cstackBANK0  0024
___awdiv@quotient         cstackBANK0  002B
___awdiv@sign             cstackBANK0  002A
___fladd                  text13       0018
___fladd@a                cstackBANK0  0024
___fladd@aexp             cstackBANK0  0031
___fladd@b                cstackBANK0  0020
___fladd@bexp             cstackBANK0  0032
___fladd@grs              cstackBANK0  0033
___fladd@signs            cstackBANK0  0030
___fleq                   text9        0F02
___fleq@ff1               cstackBANK0  0020
___fleq@ff2               cstackBANK0  0024
___flsub                  text12       0D99
___flsub@a                cstackBANK0  0045
___flsub@b                cstackBANK0  0049
___fltol                  text11       05E7
___fltol@exp1             cstackCOMMON 0076
___fltol@f1               cstackBANK0  0020
___fltol@sign1            cstackCOMMON 0075
___int_sp                 stack        0000
___latbits                (abs)        0002
___lwdiv                  text3        0EBC
___lwdiv@counter          cstackBANK0  0024
___lwdiv@dividend         cstackBANK0  0022
___lwdiv@divisor          cstackBANK0  0020
___lwdiv@quotient         cstackBANK0  0025
___lwmod                  text2        0E3A
___lwmod@counter          cstackBANK0  002B
___lwmod@dividend         cstackBANK0  0029
___lwmod@divisor          cstackBANK0  0027
___sp                     stack        0000
___stackhi                (abs)        0000
___stacklo                (abs)        0000
___wmul                   text17       0DBD
___wmul@multiplicand      cstackBANK0  0022
___wmul@multiplier        cstackBANK0  0020
___wmul@product           cstackCOMMON 0075
___xxtofl                 text10       0498
___xxtofl@arg             cstackBANK0  0037
___xxtofl@exp             cstackBANK0  0036
___xxtofl@sign            cstackBANK0  0035
___xxtofl@val             cstackBANK0  002D
__end_of_Isr              text28       0E3A
__end_of_Lcd_Clear        text25       0D02
__end_of_Lcd_Cmd          text26       0D5B
__end_of_Lcd_Init         text24       07FE
__end_of_Lcd_Port         text27       0CE3
__end_of_Lcd_Set_Cursor   text23       0D99
__end_of_Lcd_Write_Char   text22       0D77
__end_of_Lcd_Write_String text21       0EBC
__end_of_UART_RX_config   text20       0D15
__end_of_UART_read_char   text29       0CEC
__end_of___awdiv          text18       0739
__end_of___fladd          text13       0270
__end_of___fleq           text9        0F52
__end_of___flsub          text12       0DBD
__end_of___fltol          text11       065F
__end_of___lwdiv          text3        0F02
__end_of___lwmod          text2        0E76
__end_of___wmul           text17       0DE4
__end_of___xxtofl         text10       0552
__end_of__initialization  cinit        0014
__end_of__stringtab       strings      0810
__end_of_adc_RO           text14       0D3F
__end_of_adc_channel      text19       05E7
__end_of_adc_mv           text5        06D0
__end_of_adc_output       text16       0CF5
__end_of_adc_read         text15       0D29
__end_of_adc_setup        text4        0E0E
__end_of_dpowers          strings      081A
__end_of_frexp            text8        0FA6
__end_of_main             maintext     03CC
__end_of_round            text6        07A0
__end_of_sprintf          text1        0498
__end_of_trunc            text7        1000
__initialization          cinit        000F
__pbssBANK0               bssBANK0     006B
__pbssCOMMON              bssCOMMON    0077
__pcstackBANK0            cstackBANK0  0020
__pcstackBANK1            cstackBANK1  00A0
__pcstackBANK2            cstackBANK2  0110
__pcstackBANK3            cstackBANK3  0190
__pcstackCOMMON           cstackCOMMON 0070
__pintentry               intentry     0004
__pmaintext               maintext     0270
__pstrings                strings      0800
__ptext1                  text1        03CC
__ptext10                 text10       0498
__ptext11                 text11       05E7
__ptext12                 text12       0D99
__ptext13                 text13       0018
__ptext14                 text14       0D29
__ptext15                 text15       0D15
__ptext16                 text16       0CEC
__ptext17                 text17       0DBD
__ptext18                 text18       06D0
__ptext19                 text19       0552
__ptext2                  text2        0E3A
__ptext20                 text20       0D02
__ptext21                 text21       0E76
__ptext22                 text22       0D5B
__ptext23                 text23       0D77
__ptext24                 text24       07A0
__ptext25                 text25       0CF5
__ptext26                 text26       0D3F
__ptext27                 text27       0CDD
__ptext28                 text28       0E0E
__ptext29                 text29       0CE3
__ptext3                  text3        0EBC
__ptext4                  text4        0DE4
__ptext5                  text5        065F
__ptext6                  text6        0739
__ptext7                  text7        0FA6
__ptext8                  text8        0F52
__ptext9                  text9        0F02
__stringbase              strings      080F
__stringtab               strings      0800
_adc_RO                   text14       0D29
_adc_channel              text19       0552
_adc_mv                   text5        065F
_adc_mv$1352              cstackBANK0  005D
_adc_output               text16       0CEC
_adc_read                 text15       0D15
_adc_setup                text4        0DE4
_cnt                      bssBANK0     006B
_dpowers                  strings      0810
_frexp                    text8        0F52
_main                     maintext     0270
_round                    text6        0739
_sprintf                  text1        03CC
_trunc                    text7        0FA6
adc_RO@channel            cstackBANK0  0021
adc_channel@channel       cstackCOMMON 0075
adc_mv@calc               cstackBANK0  0059
adc_mv@channel            cstackBANK0  0061
adc_mv@out                cstackBANK0  0062
adc_read@channel          cstackCOMMON 0076
adc_setup@inter           cstackCOMMON 0076
btemp                     (abs)        007E
end_of_initialization     cinit        0014
frexp@eptr                cstackBANK0  0030
frexp@value               cstackBANK0  002C
interrupt_function        intentry     0004
intlevel0                 functab      0000
intlevel1                 functab      0000
intlevel2                 functab      0000
intlevel3                 functab      0000
intlevel4                 functab      0000
intlevel5                 functab      0000
main@ch0                  cstackBANK0  006A
main@ch1                  cstackBANK0  0069
main@display0             cstackBANK1  00A0
main@display1             cstackBANK3  0190
main@display2             cstackBANK2  0110
main@output0              cstackBANK0  0065
main@output1              cstackBANK0  0067
reset_vec                 reset_vec    0000
round@f                   cstackBANK0  0051
round@x                   cstackBANK0  004D
saved_w                   (abs)        007E
sprintf@ap                cstackBANK0  0035
sprintf@c                 cstackBANK0  0039
sprintf@f                 cstackBANK0  002E
sprintf@flag              cstackBANK0  0034
sprintf@prec              cstackBANK0  0038
sprintf@sp                cstackBANK0  002C
sprintf@val               cstackBANK0  0036
start                     init         000C
start_initialization      cinit        000F
trunc@expon               cstackBANK0  0043
trunc@i                   cstackBANK0  003F
trunc@x                   cstackBANK0  003B
wtemp0                    (abs)        007E


MODULE INFORMATION

Module		Function		Class		Link	Load	Size
C:\Program Files\Microchip\xc8\v2.40\pic\sources\c90\common\fltol.c
		___fltol       		CODE           	05E7	0000	120

C:\Program Files\Microchip\xc8\v2.40\pic\sources\c90\common\fltol.c estimated size: 120

LCD8.c
		_Lcd_Write_String		CODE           	0E76	0000	70
		_Lcd_Init      		CODE           	07A0	0000	94
		_Lcd_Write_Char		CODE           	0D5B	0000	28
		_Lcd_Cmd       		CODE           	0D3F	0000	28
		_Lcd_Set_Cursor		CODE           	0D77	0000	34
		_Lcd_Clear     		CODE           	0CF5	0000	13
		_Lcd_Port      		CODE           	0CDD	0000	6

LCD8.c estimated size: 273

uart.c
		_UART_read_char		CODE           	0CE3	0000	9
		_UART_RX_config		CODE           	0D02	0000	19

uart.c estimated size: 28

C:\Program Files\Microchip\xc8\v2.40\pic\sources\c90\common\awdiv.c
		___awdiv       		CODE           	06D0	0000	105

C:\Program Files\Microchip\xc8\v2.40\pic\sources\c90\common\awdiv.c estimated size: 105

C:\Program Files\Microchip\xc8\v2.40\pic\sources\c90\common\trunc.c
		_trunc         		CODE           	0FA6	0000	90

C:\Program Files\Microchip\xc8\v2.40\pic\sources\c90\common\trunc.c estimated size: 90

C:\Program Files\Microchip\xc8\v2.40\pic\sources\c90\common\fleq.c
		___fleq        		CODE           	0F02	0000	80

C:\Program Files\Microchip\xc8\v2.40\pic\sources\c90\common\fleq.c estimated size: 80

adc.c
		_adc_setup     		CODE           	0DE4	0000	42
		_adc_mv        		CODE           	065F	0000	113
		_adc_channel   		CODE           	0552	0000	149
		_adc_read      		CODE           	0D15	0000	20
		_adc_output    		CODE           	0CEC	0000	9
		_adc_RO        		CODE           	0D29	0000	22

adc.c estimated size: 355

C:\Program Files\Microchip\xc8\v2.40\pic\sources\c90\common\doprnt.c
		_sprintf       		CODE           	03CC	0000	204

C:\Program Files\Microchip\xc8\v2.40\pic\sources\c90\common\doprnt.c estimated size: 204

main_poslab2.c
		_Isr           		CODE           	0E0E	0000	44
		_main          		CODE           	0270	0000	348

main_poslab2.c estimated size: 392

C:\Program Files\Microchip\xc8\v2.40\pic\sources\c90\common\Umul16.c
		___wmul        		CODE           	0DBD	0000	39

C:\Program Files\Microchip\xc8\v2.40\pic\sources\c90\common\Umul16.c estimated size: 39

C:\Program Files\Microchip\xc8\v2.40\pic\sources\c90\common\lwmod.c
		___lwmod       		CODE           	0E3A	0000	60

C:\Program Files\Microchip\xc8\v2.40\pic\sources\c90\common\lwmod.c estimated size: 60

C:\Program Files\Microchip\xc8\v2.40\pic\sources\c90\common\round.c
		_round         		CODE           	0739	0000	103

C:\Program Files\Microchip\xc8\v2.40\pic\sources\c90\common\round.c estimated size: 103

shared
		__stringtab    		STRING         	0800	0000	16
		_dpowers       		STRING         	0810	0000	10
		__initialization		CODE           	000F	0000	5

shared estimated size: 31

C:\Program Files\Microchip\xc8\v2.40\pic\sources\c90\common\sprcadd.c
		___flsub       		CODE           	0D99	0000	36
		___fladd       		CODE           	0018	0000	600

C:\Program Files\Microchip\xc8\v2.40\pic\sources\c90\common\sprcadd.c estimated size: 636

C:\Program Files\Microchip\xc8\v2.40\pic\sources\c90\common\frexp.c
		_frexp         		CODE           	0F52	0000	84

C:\Program Files\Microchip\xc8\v2.40\pic\sources\c90\common\frexp.c estimated size: 84

C:\Program Files\Microchip\xc8\v2.40\pic\sources\c90\common\lwdiv.c
		___lwdiv       		CODE           	0EBC	0000	70

C:\Program Files\Microchip\xc8\v2.40\pic\sources\c90\common\lwdiv.c estimated size: 70

C:\Program Files\Microchip\xc8\v2.40\pic\sources\c90\common\xxtofl.c
		___xxtofl      		CODE           	0498	0000	186

C:\Program Files\Microchip\xc8\v2.40\pic\sources\c90\common\xxtofl.c estimated size: 186

